10.0.1.13 - 2404465 [14/Aug/2015:07:56:55 -0800] "GET /Olympics/archive/2007/11/21/Duckabush-River.html HTTP/1.1" 200 634
10.0.0.212 - 2404465 [14/Aug/2015:07:58:57 -0800] "GET /index.html HTTP/1.1" 304 530
10.0.0.107 - 2424570 [14/Aug/2015:07:59:32 -0800] "GET /Cascades/rss.xml HTTP/1.1" 200 303
10.0.0.144 - 2404465 [14/Aug/2015:08:00:28 -0800] "GET /index.html HTTP/1.1" 200 508
10.0.0.116 - 2404465 [14/Aug/2015:08:03:43 -0800] "GET /index.html HTTP/1.1" 304 569
10.0.0.116 - 2404465 [14/Aug/2015:08:03:49 -0800] "GET /Olympics/rss.xml HTTP/1.1" 304 575
10.0.0.116 - 2404465 [14/Aug/2015:08:03:49 -0800] "GET /Cascades/rss.xml HTTP/1.1" 304 578
10.0.0.116 - 2404465 [14/Aug/2015:08:03:52 -0800] "GET /Rainier/rss.xml HTTP/1.1" 304 576
10.0.0.108 - 2404465 [14/Aug/2015:08:04:26 -0800] "GET /Olympics/rss.xml HTTP/1.1" 200 499
10.0.0.213 - 2185662 [14/Aug/2015:08:05:17 -0800] "GET /Hurricane+Ridge/rss.xml HTTP/1.1" 200 288
10.0.0.203 - 2185662 [14/Aug/2015:08:06:37 -0800] "GET /index.html HTTP/1.1" 200 212
10.0.0.103 - 2404465 [14/Aug/2015:08:08:58 -0800] "GET /Rainier/rss.xml HTTP/1.1" 304 566
10.0.0.103 - 2404465 [14/Aug/2015:08:08:58 -0800] "GET /Cascades/rss.xml HTTP/1.1" 304 568
10.0.0.103 - 2404465 [14/Aug/2015:08:08:58 -0800] "GET /Olympics/rss.xml HTTP/1.1" 304 565
10.0.0.213 - 2185662 [14/Aug/2015:08:09:07 -0800] "GET /Olympics/rss.xml HTTP/1.1" 304 323
10.0.0.16 - 2404465 [14/Aug/2015:08:09:55 -0800] "GET /Cascades/rss.xml HTTP/1.1" 304 558
10.0.0.48 - 2557008 [14/Aug/2015:08:10:22 -0800] "GET /index.html HTTP/1.1" 200 306
10.0.1.14 - 2404465 [14/Aug/2015:08:11:17 -0800] "GET /index.html HTTP/1.1" 200 601
10.0.1.14 - 2404465 [14/Aug/2015:08:11:19 -0800] "GET /index.html HTTP/1.1" 200 632
10.0.0.212 - 2404465 [14/Aug/2015:08:14:22 -0800] "GET /index.html HTTP/1.1" 304 530
10.0.0.139 - 2696232 [14/Aug/2015:08:15:11 -0800] "GET /Cascades/rss.xml HTTP/1.1" 304 547
10.0.0.114 - 2575718 [14/Aug/2015:08:15:39 -0800] "GET /index.html HTTP/1.1" 304 341
10.0.0.148 - 2575718 [14/Aug/2015:08:16:58 -0800] "GET /index.html HTTP/1.1" 304 368
10.0.0.211 - 2404465 [14/Aug/2015:08:18:18 -0800] "GET /index.html HTTP/1.1" 304 557
10.0.0.94 - 2752011 [14/Aug/2015:08:20:06 -0800] "GET /Cascades/rss.xml HTTP/1.1" 200 303
10.0.0.182 - 3361242 [14/Aug/2015:08:21:35 -0800] "GET /tags/Headlamps/Kid+Packs/Chalk/index.html HTTP/1.1" 200 407
10.0.0.182 - 3361242 [14/Aug/2015:08:21:36 -0800] "GET /tags/Headlamps/Chalk/Kid+Packs/index.html HTTP/1.1" 200 407
10.0.0.139 - 2696232 [14/Aug/2015:08:21:38 -0800] "GET /Olympics/rss.xml HTTP/1.1" 304 584
10.0.0.213 - 2185662 [14/Aug/2015:08:22:44 -0800] "GET /index.html HTTP/1.1" 304 272
10.0.0.207 - 2404465 [14/Aug/2015:08:23:23 -0800] "GET /Olympics/archive/2007/11/21/Dosewallips-River.html HTTP/1.1" 200 835
10.0.0.146 - 2404465 [14/Aug/2015:08:26:05 -0800] "GET /index.html HTTP/1.1" 304 521
10.0.0.124 - 2404465 [14/Aug/2015:08:26:34 -0800] "GET /Cascades/rss.xml HTTP/1.1" 304 560
10.0.0.140 - 2404465 [14/Aug/2015:08:27:13 -0800] "GET /Olympics/archive/2007/11/21/Duckabush-River.html HTTP/1.1" 200 1514
10.0.0.212 - 2404465 [14/Aug/2015:08:29:17 -0800] "GET /index.html HTTP/1.1" 304 530
10.0.0.107 - 2424570 [14/Aug/2015:08:29:30 -0800] "GET /Cascades/rss.xml HTTP/1.1" 200 322
10.0.0.144 - 2404465 [14/Aug/2015:08:30:28 -0800] "GET /index.html HTTP/1.1" 200 508
10.0.0.157 - 2073538 [14/Aug/2015:08:31:14 -0800] "GET /index.html HTTP/1.1" 200 265
10.0.0.35 - 2404465 [14/Aug/2015:08:31:38 -0800] "GET /index.html HTTP/1.1" 200 481
10.0.0.35 - 2404465 [14/Aug/2015:08:31:44 -0800] "GET /index.html HTTP/1.1" 301 562
10.0.0.35 - 2404465 [14/Aug/2015:08:31:44 -0800] "GET /index.html HTTP/1.1" 200 570
10.0.0.35 - 2404465 [14/Aug/2015:08:32:24 -0800] "GET /index.html HTTP/1.1" 301 394
10.0.0.35 - 2404465 [14/Aug/2015:08:32:24 -0800] "GET /index.html HTTP/1.1" 200 402
10.0.0.35 - 2404465 [14/Aug/2015:08:32:54 -0800] "GET /Olympics/archive/2007/11/21/Duckabush-River.html HTTP/1.1" 200 650
10.0.0.35 - 2404465 [14/Aug/2015:08:33:18 -0800] "GET /index.html HTTP/1.1" 200 678
10.0.0.116 - 2404465 [14/Aug/2015:08:33:43 -0800] "GET /index.html HTTP/1.1" 304 569
10.0.0.116 - 2404465 [14/Aug/2015:08:33:47 -0800] "GET /Olympics/rss.xml HTTP/1.1" 304 575
10.0.0.116 - 2404465 [14/Aug/2015:08:33:48 -0800] "GET /Cascades/rss.xml HTTP/1.1" 304 578
10.0.0.116 - 2404465 [14/Aug/2015:08:33:48 -0800] "GET /Rainier/rss.xml HTTP/1.1" 304 576
10.0.0.98 - 2404465 [14/Aug/2015:08:34:10 -0800] "GET /index.html HTTP/1.1" 200 674
10.0.0.213 - 2185662 [14/Aug/2015:08:34:12 -0800] "GET /Cascades/rss.xml HTTP/1.1" 304 326
10.0.0.98 - 2404465 [14/Aug/2015:08:34:18 -0800] "GET /index.html HTTP/1.1" 200 500
10.0.0.35 - 2404465 [14/Aug/2015:08:34:24 -0800] "GET /index.html HTTP/1.1" 200 599
10.0.0.108 - 2404465 [14/Aug/2015:08:34:24 -0800] "GET /Olympics/rss.xml HTTP/1.1" 200 499
10.0.0.35 - 2404465 [14/Aug/2015:08:34:27 -0800] "GET /index.html HTTP/1.1" 200 599
10.0.0.35 - 2404465 [14/Aug/2015:08:34:34 -0800] "GET /index.html HTTP/1.1" 200 587
10.0.0.98 - 2404465 [14/Aug/2015:08:35:09 -0800] "GET /index.html HTTP/1.1" 200 496
10.0.0.141 - 2696232 [14/Aug/2015:08:38:29 -0800] "GET /Cascades/rss.xml HTTP/1.1" 304 437
10.0.0.213 - 2185662 [14/Aug/2015:08:39:47 -0800] "GET /index.html HTTP/1.1" 304 317
10.0.0.16 - 2404465 [14/Aug/2015:08:40:41 -0800] "GET /Cascades/rss.xml HTTP/1.1" 304 558
10.0.0.248 - 2404465 [14/Aug/2015:08:43:06 -0800] "GET /index.html HTTP/1.1" 304 700
10.0.0.212 - 2404465 [14/Aug/2015:08:44:29 -0800] "GET /index.html HTTP/1.1" 304 530
10.0.0.186 - 2404465 [14/Aug/2015:08:47:47 -0800] "GET /Olympics/archive/2007/11/21/Dosewallips-River.html HTTP/1.1" 200 361
10.0.0.182 - 3361242 [14/Aug/2015:08:49:25 -0800] "GET /tags/Kid+Packs/Chalk/Ropes/Sleeping+Bags/index.html HTTP/1.1" 200 412
10.0.0.182 - 3361242 [14/Aug/2015:08:49:32 -0800] "GET /tags/Chalk/Kid+Packs/Knots/Training/index.html HTTP/1.1" 200 414
10.0.0.182 - 3361242 [14/Aug/2015:08:49:39 -0800] "GET /tags/Chalk/Kid+Packs/Training/Sleeping+Bags/index.html HTTP/1.1" 200 414
10.0.1.21 - 2404465 [14/Aug/2015:08:49:40 -0800] "GET /index.html HTTP/1.1" 301 552
10.0.1.21 - 2404465 [14/Aug/2015:08:49:41 -0800] "GET /index.html HTTP/1.1" 200 560
10.0.0.182 - 3361242 [14/Aug/2015:08:49:42 -0800] "GET /tags/Chalk/Kid+Packs/Knots/Sleeping+Bags/index.html HTTP/1.1" 200 406
10.0.0.182 - 3361242 [14/Aug/2015:08:49:59 -0800] "GET /tags/Kid+Packs/Chalk/Sleeping+Bags/Training/index.html HTTP/1.1" 200 414
10.0.1.21 - 2404465 [14/Aug/2015:08:50:04 -0800] "GET /Olympics/archive/2007/11/21/Big-Quilcene-River.html HTTP/1.1" 200 800
10.0.0.182 - 3361242 [14/Aug/2015:08:50:06 -0800] "GET /tags/Chalk/Kid+Packs/Sleeping+Bags/Knots/index.html HTTP/1.1" 200 406
10.0.0.182 - 3361242 [14/Aug/2015:08:50:08 -0800] "GET /tags/Kid+Packs/Chalk/Sleeping+Bags/Ropes/index.html HTTP/1.1" 200 412
10.0.1.21 - 2404465 [14/Aug/2015:08:50:22 -0800] "GET /index.html HTTP/1.1" 200 280
10.0.1.21 - 2404465 [14/Aug/2015:08:50:31 -0800] "GET /index.html HTTP/1.1" 200 489
10.0.0.65 - 2404465 [14/Aug/2015:08:51:41 -0800] "GET /index.html HTTP/1.1" 304 712
10.0.1.3 - 2404465 [14/Aug/2015:08:53:34 -0800] "GET /index.html HTTP/1.1" 200 531
10.0.1.11 - 2696232 [14/Aug/2015:08:53:47 -0800] "GET /index.html HTTP/1.1" 200 558
10.0.1.3 - 2404465 [14/Aug/2015:08:53:55 -0800] "GET /index.html HTTP/1.1" 304 531
10.0.0.146 - 2404465 [14/Aug/2015:08:56:13 -0800] "GET /index.html HTTP/1.1" 304 521
10.0.1.3 - 2404465 [14/Aug/2015:08:56:32 -0800] "GET /index.html HTTP/1.1" 304 531
10.0.0.124 - 2404465 [14/Aug/2015:08:56:48 -0800] "GET /Cascades/rss.xml HTTP/1.1" 304 560
10.0.0.74 - 2696232 [14/Aug/2015:08:58:00 -0800] "GET /index.html HTTP/1.1" 304 428
10.0.0.107 - 2424570 [14/Aug/2015:08:59:33 -0800] "GET /Cascades/rss.xml HTTP/1.1" 200 322
10.0.0.212 - 2404465 [14/Aug/2015:08:59:43 -0800] "GET /index.html HTTP/1.1" 304 530
10.0.0.144 - 2404465 [14/Aug/2015:09:00:39 -0800] "GET /index.html HTTP/1.1" 200 508
10.0.0.100 - 2404465 [14/Aug/2015:09:01:41 -0800] "GET /Olympics/archive/2007/09/13/Hoh-River.html HTTP/1.1" 200 480
10.0.0.152 - 2424563 [14/Aug/2015:09:02:05 -0800] "GET /Cascades/rss.xml HTTP/1.1" 304 240
10.0.0.152 - 2424563 [14/Aug/2015:09:03:02 -0800] "GET /index.html HTTP/1.1" 304 231
10.0.0.116 - 2404465 [14/Aug/2015:09:03:50 -0800] "GET /index.html HTTP/1.1" 304 569
10.0.0.116 - 2404465 [14/Aug/2015:09:03:55 -0800] "GET /Olympics/rss.xml HTTP/1.1" 304 575
10.0.0.116 - 2404465 [14/Aug/2015:09:03:55 -0800] "GET /Cascades/rss.xml HTTP/1.1" 304 578
10.0.0.116 - 2404465 [14/Aug/2015:09:03:55 -0800] "GET /Rainier/rss.xml HTTP/1.1" 304 576
10.0.0.108 - 2404465 [14/Aug/2015:09:04:22 -0800] "GET /Olympics/rss.xml HTTP/1.1" 200 499
10.0.0.213 - 2185662 [14/Aug/2015:09:05:18 -0800] "GET /Hurricane+Ridge/rss.xml HTTP/1.1" 200 288
10.0.0.203 - 2185662 [14/Aug/2015:09:06:31 -0800] "GET /index.html HTTP/1.1" 200 212
10.0.0.106 - 2696232 [14/Aug/2015:09:07:05 -0800] "GET /Cascades/rss.xml HTTP/1.1" 304 420
10.0.1.23 - 2404465 [14/Aug/2015:09:07:29 -0800] "GET /index.html HTTP/1.1" 200 1204
10.0.0.213 - 2185662 [14/Aug/2015:09:09:07 -0800] "GET /Olympics/rss.xml HTTP/1.1" 304 323
10.0.0.20 - 2404465 [14/Aug/2015:09:10:21 -0800] "GET /Rainier/rss.xml HTTP/1.1" 304 576
10.0.0.20 - 2404465 [14/Aug/2015:09:10:21 -0800] "GET /Cascades/rss.xml HTTP/1.1" 304 578
10.0.0.20 - 2404465 [14/Aug/2015:09:10:21 -0800] "GET /Olympics/rss.xml HTTP/1.1" 304 575
10.0.0.48 - 2557008 [14/Aug/2015:09:11:52 -0800] "GET /index.html HTTP/1.1" 200 306
10.0.1.6 - 2404465 [14/Aug/2015:09:11:56 -0800] "GET /index.html HTTP/1.1" 200 402
10.0.0.41 - 2185662 [14/Aug/2015:09:11:59 -0800] "GET /index.html HTTP/1.1" 200 345
10.0.0.141 - 2696232 [14/Aug/2015:09:12:04 -0800] "GET /Cascades/rss.xml HTTP/1.1" 304 437
10.0.0.230 - 2404465 [14/Aug/2015:09:12:29 -0800] "GET /Olympics/archive/2007/11/21/Big-Quilcene-River.html HTTP/1.1" 200 291
10.0.0.103 - 2404465 [14/Aug/2015:09:12:54 -0800] "GET /Cascades/rss.xml HTTP/1.1" 304 474
10.0.0.176 - 3361242 [14/Aug/2015:09:13:45 -0800] "GET /Cascades/archive/2007/09/11/Mount-Tahoma-Trail-System.html HTTP/1.1" 200 335
10.0.0.212 - 2404465 [14/Aug/2015:09:14:54 -0800] "GET /index.html HTTP/1.1" 304 530
10.0.0.242 - 2404465 [14/Aug/2015:09:15:04 -0800] "GET /Olympics/archive/tags/Storage/index.html HTTP/1.1" 200 221
10.0.0.92 - 45 [14/Aug/2015:09:16:11 -0800] "GET /index.html HTTP/1.1" 200 73
10.0.0.114 - 2575718 [14/Aug/2015:09:16:30 -0800] "GET /index.html HTTP/1.1" 304 341
10.0.0.148 - 2575718 [14/Aug/2015:09:17:34 -0800] "GET /index.html HTTP/1.1" 304 368
10.0.1.3 - 2404465 [14/Aug/2015:09:18:51 -0800] "GET /index.html HTTP/1.1" 304 531
10.0.0.211 - 2404465 [14/Aug/2015:09:18:54 -0800] "GET /index.html HTTP/1.1" 304 557
10.0.1.3 - 2404465 [14/Aug/2015:09:19:16 -0800] "GET /index.html HTTP/1.1" 304 531
10.0.0.42 - 2227943 [14/Aug/2015:09:22:26 -0800] "GET /Hurricane+Ridge/rss.xml HTTP/1.1" 200 375
10.0.0.42 - 2227943 [14/Aug/2015:09:22:26 -0800] "GET /Cascades/rss.xml HTTP/1.1" 304 456
10.0.0.42 - 2227943 [14/Aug/2015:09:22:26 -0800] "GET /Olympics/rss.xml HTTP/1.1" 304 453
10.0.0.213 - 2185662 [14/Aug/2015:09:22:43 -0800] "GET /index.html HTTP/1.1" 304 272
10.0.0.40 - 2185662 [14/Aug/2015:09:22:58 -0800] "GET /index.html HTTP/1.1" 200 345
10.0.1.3 - 2404465 [14/Aug/2015:09:23:15 -0800] "GET /index.html HTTP/1.1" 304 531
10.0.0.102 - 2696232 [14/Aug/2015:09:23:52 -0800] "GET /Cascades/rss.xml HTTP/1.1" 304 420
10.0.0.255 - 2404465 [14/Aug/2015:09:23:54 -0800] "GET /Olympics/archive/2007/11/21/Big-Quilcene-River.html HTTP/1.1" 200 642
10.0.0.255 - 2404465 [14/Aug/2015:09:23:54 -0800] "GET /Olympics/archive/2007/11/21/Elwha-River.html HTTP/1.1" 200 700
10.0.0.255 - 2404465 [14/Aug/2015:09:23:54 -0800] "GET /Olympics/archive/2007/11/21/Dosewallips-River.html HTTP/1.1" 200 673
10.0.0.255 - 2404465 [14/Aug/2015:09:23:58 -0800] "GET /Olympics/archive/2007/11/21/Duckabush-River.html HTTP/1.1" 200 650
10.0.0.146 - 2404465 [14/Aug/2015:09:26:18 -0800] "GET /index.html HTTP/1.1" 304 521
10.0.0.124 - 2404465 [14/Aug/2015:09:26:49 -0800] "GET /Cascades/rss.xml HTTP/1.1" 304 560
10.0.0.20 - 2404465 [14/Aug/2015:09:27:38 -0800] "GET /Rainier/rss.xml HTTP/1.1" 304 536
10.0.0.20 - 2404465 [14/Aug/2015:09:27:38 -0800] "GET /Cascades/rss.xml HTTP/1.1" 304 578
10.0.0.20 - 2404465 [14/Aug/2015:09:27:39 -0800] "GET /Olympics/rss.xml HTTP/1.1" 304 575
10.0.0.107 - 2424570 [14/Aug/2015:09:29:31 -0800] "GET /Cascades/rss.xml HTTP/1.1" 200 303
10.0.0.212 - 2404465 [14/Aug/2015:09:30:06 -0800] "GET /index.html HTTP/1.1" 304 530
10.0.0.144 - 2404465 [14/Aug/2015:09:30:50 -0800] "GET /index.html HTTP/1.1" 200 508
10.0.1.3 - 2404465 [14/Aug/2015:09:33:46 -0800] "GET /index.html HTTP/1.1" 304 531
10.0.0.116 - 2404465 [14/Aug/2015:09:33:53 -0800] "GET /index.html HTTP/1.1" 304 569
10.0.0.116 - 2404465 [14/Aug/2015:09:33:57 -0800] "GET /Olympics/rss.xml HTTP/1.1" 304 575
10.0.0.116 - 2404465 [14/Aug/2015:09:33:57 -0800] "GET /Cascades/rss.xml HTTP/1.1" 304 578
10.0.0.116 - 2404465 [14/Aug/2015:09:33:58 -0800] "GET /Rainier/rss.xml HTTP/1.1" 304 576
10.0.0.40 - 2185662 [14/Aug/2015:09:33:59 -0800] "GET /index.html HTTP/1.1" 200 345
10.0.0.213 - 2185662 [14/Aug/2015:09:34:12 -0800] "GET /Cascades/rss.xml HTTP/1.1" 304 326
10.0.1.3 - 2404465 [14/Aug/2015:09:34:23 -0800] "GET /index.html HTTP/1.1" 304 531
10.0.0.108 - 2404465 [14/Aug/2015:09:34:24 -0800] "GET /Olympics/rss.xml HTTP/1.1" 200 499
10.0.1.4 - 2575718 [14/Aug/2015:09:40:35 -0800] "GET /Cascades/rss.xml HTTP/1.1" 304 273
10.0.1.4 - 2575718 [14/Aug/2015:09:40:35 -0800] "GET /Olympics/rss.xml HTTP/1.1" 304 270
10.0.0.103 - 2404465 [14/Aug/2015:09:40:51 -0800] "GET /Cascades/rss.xml HTTP/1.1" 304 514
10.0.0.102 - 2696232 [14/Aug/2015:09:41:55 -0800] "GET /Cascades/rss.xml HTTP/1.1" 304 420
10.0.0.96 - 2404465 [14/Aug/2015:09:41:59 -0800] "GET /Olympics/archive/2007/11/21/Duckabush-River.html HTTP/1.1" 200 694
10.0.0.104 - 2404465 [14/Aug/2015:09:42:01 -0800] "GET /index.html HTTP/1.1" 304 520
10.0.0.248 - 2404465 [14/Aug/2015:09:43:07 -0800] "GET /index.html HTTP/1.1" 304 700
10.0.0.41 - 2185662 [14/Aug/2015:09:45:00 -0800] "GET /index.html HTTP/1.1" 200 345
10.0.0.141 - 2696232 [14/Aug/2015:09:45:09 -0800] "GET /Cascades/rss.xml HTTP/1.1" 304 437
10.0.0.212 - 2404465 [14/Aug/2015:09:45:13 -0800] "GET /index.html HTTP/1.1" 304 530
10.0.1.3 - 2404465 [14/Aug/2015:09:48:49 -0800] "GET /index.html HTTP/1.1" 304 531
10.0.0.138 - 2404465 [14/Aug/2015:09:51:18 -0800] "GET /Cascades/archive/2007/09/11/Annette-Lake.html HTTP/1.1" 200 560
10.0.0.65 - 2404465 [14/Aug/2015:09:51:57 -0800] "GET /index.html HTTP/1.1" 304 712
10.0.0.42 - 2227943 [14/Aug/2015:09:53:03 -0800] "GET /Hurricane+Ridge/rss.xml HTTP/1.1" 200 503
10.0.0.42 - 2227943 [14/Aug/2015:09:53:03 -0800] "GET /Cascades/rss.xml HTTP/1.1" 304 496
10.0.0.42 - 2227943 [14/Aug/2015:09:53:03 -0800] "GET /Olympics/rss.xml HTTP/1.1" 304 493
10.0.1.3 - 2404465 [14/Aug/2015:09:53:29 -0800] "GET /index.html HTTP/1.1" 304 531
10.0.0.71 - 2404465 [14/Aug/2015:09:53:59 -0800] "GET /Olympics/archive/2007/11/21/Elwha-River.html HTTP/1.1" 200 448
10.0.1.5 - 2404465 [14/Aug/2015:09:55:47 -0800] "GET /Olympics/archive/2007/11/21/Elwha-River.html HTTP/1.1" 200 455
10.0.0.40 - 2185662 [14/Aug/2015:09:56:01 -0800] "GET /index.html HTTP/1.1" 200 345
10.0.0.146 - 2404465 [14/Aug/2015:09:56:37 -0800] "GET /index.html HTTP/1.1" 304 521
10.0.0.124 - 2404465 [14/Aug/2015:09:56:57 -0800] "GET /Cascades/rss.xml HTTP/1.1" 304 560
10.0.0.20 - 2404465 [14/Aug/2015:09:57:01 -0800] "GET /Rainier/rss.xml HTTP/1.1" 304 576
10.0.0.20 - 2404465 [14/Aug/2015:09:57:01 -0800] "GET /Cascades/rss.xml HTTP/1.1" 304 578
10.0.0.20 - 2404465 [14/Aug/2015:09:57:02 -0800] "GET /Olympics/rss.xml HTTP/1.1" 304 575
10.0.0.107 - 2424570 [14/Aug/2015:09:59:30 -0800] "GET /Cascades/rss.xml HTTP/1.1" 200 322
10.0.0.206 - 2576242 [14/Aug/2015:09:59:48 -0800] "GET /index.html HTTP/1.1" 304 343
10.0.0.212 - 2404465 [14/Aug/2015:10:00:15 -0800] "GET /index.html HTTP/1.1" 304 530
10.0.0.144 - 2404465 [14/Aug/2015:10:01:04 -0800] "GET /index.html HTTP/1.1" 200 508
10.0.0.102 - 2696232 [14/Aug/2015:10:01:24 -0800] "GET /Cascades/rss.xml HTTP/1.1" 304 420
10.0.0.186 - 2404465 [14/Aug/2015:10:02:09 -0800] "GET /Olympics/archive/2007/11/21/Elwha-River.html HTTP/1.1" 200 388
10.0.0.74 - 2696232 [14/Aug/2015:10:02:34 -0800] "GET /index.html HTTP/1.1" 304 428
10.0.0.116 - 2404465 [14/Aug/2015:10:03:54 -0800] "GET /index.html HTTP/1.1" 304 569
10.0.0.116 - 2404465 [14/Aug/2015:10:03:59 -0800] "GET /Olympics/rss.xml HTTP/1.1" 304 575
10.0.0.116 - 2404465 [14/Aug/2015:10:03:59 -0800] "GET /Cascades/rss.xml HTTP/1.1" 304 578
10.0.0.116 - 2404465 [14/Aug/2015:10:04:00 -0800] "GET /Rainier/rss.xml HTTP/1.1" 304 576
10.0.0.213 - 2185662 [14/Aug/2015:10:05:18 -0800] "GET /Hurricane+Ridge/rss.xml HTTP/1.1" 200 333
10.0.0.203 - 2185662 [14/Aug/2015:10:05:40 -0800] "GET /index.html HTTP/1.1" 200 212
10.0.1.3 - 2404465 [14/Aug/2015:10:06:33 -0800] "GET /index.html HTTP/1.1" 304 531
10.0.0.40 - 2185662 [14/Aug/2015:10:06:59 -0800] "GET /index.html HTTP/1.1" 200 345
10.0.0.213 - 2185662 [14/Aug/2015:10:09:08 -0800] "GET /Olympics/rss.xml HTTP/1.1" 304 323
10.0.0.103 - 2404465 [14/Aug/2015:10:11:50 -0800] "GET /Cascades/rss.xml HTTP/1.1" 304 514
10.0.0.104 - 2404465 [14/Aug/2015:10:11:55 -0800] "GET /index.html HTTP/1.1" 304 520
10.0.0.48 - 2557008 [14/Aug/2015:10:13:32 -0800] "GET /index.html HTTP/1.1" 200 306
10.0.1.10 - 2404465 [14/Aug/2015:10:13:40 -0800] "GET /Cascades/rss.xml HTTP/1.1" 304 571
10.0.0.212 - 2404465 [14/Aug/2015:10:15:27 -0800] "GET /index.html HTTP/1.1" 304 530
10.0.0.114 - 2575718 [14/Aug/2015:10:16:42 -0800] "GET /index.html HTTP/1.1" 304 341
10.0.1.3 - 2404465 [14/Aug/2015:10:16:56 -0800] "GET /index.html HTTP/1.1" 304 531
10.0.0.186 - 2404465 [14/Aug/2015:10:17:12 -0800] "GET /tags/Hiking+Gear/index.html HTTP/1.1" 200 301
10.0.0.148 - 2575718 [14/Aug/2015:10:17:14 -0800] "GET /index.html HTTP/1.1" 304 368
10.0.0.141 - 2696232 [14/Aug/2015:10:17:16 -0800] "GET /Cascades/rss.xml HTTP/1.1" 304 437
10.0.0.41 - 2185662 [14/Aug/2015:10:17:59 -0800] "GET /index.html HTTP/1.1" 200 345
10.0.0.102 - 2696232 [14/Aug/2015:10:18:11 -0800] "GET /Cascades/rss.xml HTTP/1.1" 304 420
10.0.1.3 - 2404465 [14/Aug/2015:10:19:46 -0800] "GET /index.html HTTP/1.1" 304 531
10.0.0.211 - 2404465 [14/Aug/2015:10:19:49 -0800] "GET /index.html HTTP/1.1" 304 557
10.0.0.181 - 3361242 [14/Aug/2015:10:21:44 -0800] "GET /Rainier/archive/2007/11/21/Paradise-to-Mazama-Ridge.html HTTP/1.1" 200 346
10.0.0.213 - 2185662 [14/Aug/2015:10:22:45 -0800] "GET /index.html HTTP/1.1" 304 317
10.0.0.42 - 2227943 [14/Aug/2015:10:24:10 -0800] "GET /Hurricane+Ridge/rss.xml HTTP/1.1" 200 503
10.0.0.42 - 2227943 [14/Aug/2015:10:24:10 -0800] "GET /Cascades/rss.xml HTTP/1.1" 304 496
10.0.0.42 - 2227943 [14/Aug/2015:10:24:10 -0800] "GET /Olympics/rss.xml HTTP/1.1" 304 493
10.0.1.3 - 2404465 [14/Aug/2015:10:24:10 -0800] "GET /index.html HTTP/1.1" 304 531
10.0.0.9 - 2404465 [14/Aug/2015:10:24:52 -0800] "GET /Olympics/archive/2007/11/21/Dosewallips-River.html HTTP/1.1" 200 612
10.0.0.9 - 2404465 [14/Aug/2015:10:24:53 -0800] "GET /Olympics/archive/2007/11/21/Elwha-River.html HTTP/1.1" 200 639
10.0.1.3 - 2404465 [14/Aug/2015:10:25:27 -0800] "GET /index.html HTTP/1.1" 304 531
10.0.0.157 - 2073538 [14/Aug/2015:10:25:40 -0800] "GET /index.html HTTP/1.1" 200 265
10.0.0.117 - 2404465 [14/Aug/2015:10:26:24 -0800] "GET /Olympics/archive/2007/11/21/Big-Quilcene-River.html HTTP/1.1" 200 559
10.0.0.146 - 2404465 [14/Aug/2015:10:26:48 -0800] "GET /index.html HTTP/1.1" 304 521
10.0.0.124 - 2404465 [14/Aug/2015:10:27:00 -0800] "GET /Cascades/rss.xml HTTP/1.1" 304 560
10.0.0.41 - 2185662 [14/Aug/2015:10:28:59 -0800] "GET /index.html HTTP/1.1" 200 345
10.0.0.157 - 2073538 [14/Aug/2015:10:29:30 -0800] "GET /Cascades/rss.xml HTTP/1.1" 200 274
10.0.0.107 - 2424570 [14/Aug/2015:10:29:31 -0800] "GET /Cascades/rss.xml HTTP/1.1" 200 322
10.0.0.157 - 2073538 [14/Aug/2015:10:29:53 -0800] "GET /Olympics/rss.xml HTTP/1.1" 200 270
10.0.0.212 - 2404465 [14/Aug/2015:10:30:37 -0800] "GET /index.html HTTP/1.1" 304 530
10.0.0.206 - 2576242 [14/Aug/2015:10:30:43 -0800] "GET /index.html HTTP/1.1" 304 343
10.0.0.144 - 2404465 [14/Aug/2015:10:31:18 -0800] "GET /index.html HTTP/1.1" 200 508
10.0.0.116 - 2404465 [14/Aug/2015:10:33:59 -0800] "GET /index.html HTTP/1.1" 304 569
10.0.0.116 - 2404465 [14/Aug/2015:10:34:04 -0800] "GET /Olympics/rss.xml HTTP/1.1" 304 575
10.0.0.116 - 2404465 [14/Aug/2015:10:34:04 -0800] "GET /Cascades/rss.xml HTTP/1.1" 304 578
10.0.0.116 - 2404465 [14/Aug/2015:10:34:04 -0800] "GET /Rainier/rss.xml HTTP/1.1" 304 576
10.0.0.213 - 2185662 [14/Aug/2015:10:34:13 -0800] "GET /Cascades/rss.xml HTTP/1.1" 304 326
10.0.0.108 - 2404465 [14/Aug/2015:10:34:23 -0800] "GET /Olympics/rss.xml HTTP/1.1" 200 499
10.0.0.103 - 2696232 [14/Aug/2015:10:36:22 -0800] "GET /Cascades/rss.xml HTTP/1.1" 304 420
10.0.0.176 - 3361242 [14/Aug/2015:10:38:07 -0800] "GET /tags/Boots/index.html HTTP/1.1" 200 269
10.0.0.162 - 2404465 [14/Aug/2015:10:38:33 -0800] "GET /tags/Boots/index.html HTTP/1.1" 200 363
10.0.0.40 - 2185662 [14/Aug/2015:10:40:01 -0800] "GET /index.html HTTP/1.1" 200 345
10.0.0.156 - 2404465 [14/Aug/2015:10:41:19 -0800] "GET /index.html HTTP/1.1" 200 240
10.0.0.103 - 2404465 [14/Aug/2015:10:41:23 -0800] "GET /Cascades/rss.xml HTTP/1.1" 304 514
10.0.1.3 - 2404465 [14/Aug/2015:10:41:52 -0800] "GET /index.html HTTP/1.1" 304 531
10.0.1.6 - 2404465 [14/Aug/2015:10:42:32 -0800] "GET /index.html HTTP/1.1" 304 530
10.0.0.248 - 2404465 [14/Aug/2015:10:43:08 -0800] "GET /index.html HTTP/1.1" 304 700
10.0.0.67 - 2404465 [14/Aug/2015:10:43:57 -0800] "GET /Olympics/archive/2007/11/21/Duckabush-River.html HTTP/1.1" 200 611
10.0.0.212 - 2404465 [14/Aug/2015:10:45:45 -0800] "GET /index.html HTTP/1.1" 304 530
10.0.1.10 - 2404465 [14/Aug/2015:10:46:09 -0800] "GET /Cascades/rss.xml HTTP/1.1" 304 571
10.0.0.141 - 2696232 [14/Aug/2015:10:48:23 -0800] "GET /Cascades/rss.xml HTTP/1.1" 304 437
10.0.0.179 - 3361242 [14/Aug/2015:10:48:26 -0800] "GET /Rainier/archive/2007/11/19/Wonderland-and-Nisqually-River.html HTTP/1.1" 200 381
10.0.0.20 - 2404465 [14/Aug/2015:10:48:28 -0800] "GET /Rainier/rss.xml HTTP/1.1" 304 536
10.0.0.20 - 2404465 [14/Aug/2015:10:48:28 -0800] "GET /Cascades/rss.xml HTTP/1.1" 304 578
10.0.0.20 - 2404465 [14/Aug/2015:10:48:29 -0800] "GET /Olympics/rss.xml HTTP/1.1" 304 575
10.0.0.41 - 2185662 [14/Aug/2015:10:50:59 -0800] "GET /index.html HTTP/1.1" 200 345
10.0.0.65 - 2404465 [14/Aug/2015:10:52:11 -0800] "GET /index.html HTTP/1.1" 304 712
10.0.0.177 - 3361242 [14/Aug/2015:10:52:24 -0800] "GET /tags/Food+Supplies/index.html HTTP/1.1" 200 275
10.0.0.42 - 2227943 [14/Aug/2015:10:54:08 -0800] "GET /Hurricane+Ridge/rss.xml HTTP/1.1" 200 503
10.0.0.42 - 2227943 [14/Aug/2015:10:54:08 -0800] "GET /Cascades/rss.xml HTTP/1.1" 304 496
10.0.0.104 - 2696232 [14/Aug/2015:10:54:16 -0800] "GET /Cascades/rss.xml HTTP/1.1" 304 420
10.0.1.3 - 2404465 [14/Aug/2015:10:54:20 -0800] "GET /index.html HTTP/1.1" 304 531
10.0.0.167 - 2404465 [14/Aug/2015:10:54:40 -0800] "GET /tags/Food+Supplies/index.html HTTP/1.1" 200 370
10.0.0.42 - 2227943 [14/Aug/2015:10:54:56 -0800] "GET /Olympics/rss.xml HTTP/1.1" 304 493
10.0.1.16 - 2557008 [14/Aug/2015:10:55:16 -0800] "GET /Cascades/rss.xml HTTP/1.1" 200 216
10.0.0.178 - 3361242 [14/Aug/2015:10:56:47 -0800] "GET /Rainier/archive/2007/11/21/Stevens-Canyon.html HTTP/1.1" 200 314
10.0.0.146 - 2404465 [14/Aug/2015:10:56:55 -0800] "GET /index.html HTTP/1.1" 304 521
10.0.0.124 - 2404465 [14/Aug/2015:10:57:15 -0800] "GET /Cascades/rss.xml HTTP/1.1" 304 560
10.0.0.107 - 2424570 [14/Aug/2015:10:59:30 -0800] "GET /Cascades/rss.xml HTTP/1.1" 200 322
10.0.0.212 - 2404465 [14/Aug/2015:11:00:52 -0800] "GET /index.html HTTP/1.1" 304 530
10.0.0.144 - 2404465 [14/Aug/2015:11:01:24 -0800] "GET /index.html HTTP/1.1" 200 508
10.0.0.40 - 2185662 [14/Aug/2015:11:01:59 -0800] "GET /index.html HTTP/1.1" 200 345
10.0.0.152 - 2424563 [14/Aug/2015:11:04:28 -0800] "GET /index.html HTTP/1.1" 304 231
10.0.0.234 - 2404465 [14/Aug/2015:11:05:04 -0800] "GET /search/SearchResults.html HTTP/1.1" 200 226
10.0.0.213 - 2185662 [14/Aug/2015:11:05:17 -0800] "GET /Hurricane+Ridge/rss.xml HTTP/1.1" 200 333
10.0.0.203 - 2185662 [14/Aug/2015:11:06:25 -0800] "GET /index.html HTTP/1.1" 200 212
10.0.0.67 - 2404465 [14/Aug/2015:11:06:51 -0800] "GET /Olympics/archive/2007/11/21/Duckabush-River.html HTTP/1.1" 200 758
10.0.0.47 - 2404465 [14/Aug/2015:11:07:55 -0800] "GET /Olympics/archive/2007/11/21/Dosewallips-River.html HTTP/1.1" 200 435
10.0.0.213 - 2185662 [14/Aug/2015:11:09:08 -0800] "GET /Olympics/rss.xml HTTP/1.1" 304 323
10.0.0.47 - 2404465 [14/Aug/2015:11:09:36 -0800] "GET /tags/Chalk/index.html HTTP/1.1" 200 754
10.0.0.47 - 2404465 [14/Aug/2015:11:10:07 -0800] "GET /tags/Ropes/index.html HTTP/1.1" 200 686
10.0.0.47 - 2404465 [14/Aug/2015:11:10:10 -0800] "GET /tags/Chalk/index.html HTTP/1.1" 200 593
10.0.0.47 - 2404465 [14/Aug/2015:11:10:34 -0800] "GET /tags/Poles/index.html HTTP/1.1" 200 689
10.0.0.64 - 2404465 [14/Aug/2015:11:11:22 -0800] "GET /Olympics/archive/2007/11/21/Duckabush-River.html HTTP/1.1" 200 444
10.0.1.6 - 2404465 [14/Aug/2015:11:12:04 -0800] "GET /index.html HTTP/1.1" 304 530
10.0.0.106 - 2696232 [14/Aug/2015:11:12:58 -0800] "GET /Cascades/rss.xml HTTP/1.1" 304 420
10.0.0.40 - 2185662 [14/Aug/2015:11:12:59 -0800] "GET /index.html HTTP/1.1" 200 345
10.0.0.103 - 2404465 [14/Aug/2015:11:13:07 -0800] "GET /Cascades/rss.xml HTTP/1.1" 304 514
10.0.0.39 - 2404465 [14/Aug/2015:11:13:55 -0800] "GET /Olympics/archive/2007/11/21/Big-Quilcene-River.html HTTP/1.1" 200 448
10.0.1.23 - 2404465 [14/Aug/2015:11:13:58 -0800] "GET /index.html HTTP/1.1" 200 1204
10.0.1.23 - 2404465 [14/Aug/2015:11:14:09 -0800] "GET /Olympics/archive/2007/11/21/Big-Quilcene-River.html HTTP/1.1" 200 1605
10.0.1.10 - 2404465 [14/Aug/2015:11:15:07 -0800] "GET /Cascades/rss.xml HTTP/1.1" 304 571
10.0.0.48 - 2557008 [14/Aug/2015:11:15:28 -0800] "GET /index.html HTTP/1.1" 200 306
10.0.1.23 - 2404465 [14/Aug/2015:11:15:34 -0800] "GET /index.html HTTP/1.1" 200 1244
10.0.0.114 - 2575718 [14/Aug/2015:11:15:38 -0800] "GET /index.html HTTP/1.1" 304 341
10.0.1.23 - 2404465 [14/Aug/2015:11:15:48 -0800] "POST /index.html HTTP/1.1" 302 2034
10.0.1.23 - 2404465 [14/Aug/2015:11:15:49 -0800] "GET /search/SearchResults.html HTTP/1.1" 200 1606
10.0.1.23 - 2404465 [14/Aug/2015:11:15:55 -0800] "POST /search/SearchResults.html HTTP/1.1" 302 2269
10.0.1.23 - 2404465 [14/Aug/2015:11:15:56 -0800] "GET /search/SearchResults.html HTTP/1.1" 200 1632
10.0.1.23 - 2404465 [14/Aug/2015:11:16:01 -0800] "GET /Olympics/archive/2007/11/21/Elwha-River.html HTTP/1.1" 200 1689
10.0.0.148 - 2575718 [14/Aug/2015:11:16:04 -0800] "GET /index.html HTTP/1.1" 304 368
10.0.0.211 - 2696232 [14/Aug/2015:11:16:07 -0800] "GET /index.html HTTP/1.1" 304 428
10.0.0.212 - 2404465 [14/Aug/2015:11:16:09 -0800] "GET /index.html HTTP/1.1" 304 530
10.0.0.186 - 2404465 [14/Aug/2015:11:17:56 -0800] "GET /tags/Sleeping+Bags/index.html HTTP/1.1" 200 287
10.0.0.211 - 2404465 [14/Aug/2015:11:20:12 -0800] "GET /index.html HTTP/1.1" 304 557
10.0.0.141 - 2696232 [14/Aug/2015:11:20:29 -0800] "GET /Cascades/rss.xml HTTP/1.1" 304 437
10.0.0.97 - 2696232 [14/Aug/2015:11:21:06 -0800] "GET /Cascades/rss.xml HTTP/1.1" 200 377
10.0.0.213 - 2185662 [14/Aug/2015:11:22:44 -0800] "GET /index.html HTTP/1.1" 304 317
10.0.0.74 - 2696232 [14/Aug/2015:11:23:29 -0800] "GET /index.html HTTP/1.1" 304 428
10.0.0.40 - 2185662 [14/Aug/2015:11:24:00 -0800] "GET /index.html HTTP/1.1" 200 345
10.0.1.3 - 2404465 [14/Aug/2015:11:24:30 -0800] "GET /index.html HTTP/1.1" 304 531
10.0.0.42 - 2227943 [14/Aug/2015:11:25:07 -0800] "GET /Hurricane+Ridge/rss.xml HTTP/1.1" 200 503
10.0.0.42 - 2227943 [14/Aug/2015:11:25:07 -0800] "GET /Cascades/rss.xml HTTP/1.1" 304 496
10.0.0.42 - 2227943 [14/Aug/2015:11:25:57 -0800] "GET /Olympics/rss.xml HTTP/1.1" 304 493
10.0.0.146 - 2404465 [14/Aug/2015:11:27:08 -0800] "GET /index.html HTTP/1.1" 304 521
10.0.0.124 - 2404465 [14/Aug/2015:11:27:34 -0800] "GET /Cascades/rss.xml HTTP/1.1" 304 560
10.0.0.107 - 2424570 [14/Aug/2015:11:29:29 -0800] "GET /Cascades/rss.xml HTTP/1.1" 200 322
10.0.0.106 - 2696232 [14/Aug/2015:11:29:37 -0800] "GET /index.html HTTP/1.1" 304 411
10.0.0.104 - 2696232 [14/Aug/2015:11:30:18 -0800] "GET /Cascades/rss.xml HTTP/1.1" 304 420
10.0.0.67 - 2404465 [14/Aug/2015:11:31:14 -0800] "GET /Olympics/archive/2007/11/21/Duckabush-River.html HTTP/1.1" 200 713
10.0.0.212 - 2404465 [14/Aug/2015:11:31:18 -0800] "GET /index.html HTTP/1.1" 304 530
10.0.0.144 - 2404465 [14/Aug/2015:11:31:37 -0800] "GET /index.html HTTP/1.1" 200 508
10.0.0.157 - 2073538 [14/Aug/2015:11:32:42 -0800] "GET /index.html HTTP/1.1" 200 265
10.0.0.213 - 2185662 [14/Aug/2015:11:34:14 -0800] "GET /Cascades/rss.xml HTTP/1.1" 304 326
10.0.0.41 - 2185662 [14/Aug/2015:11:35:01 -0800] "GET /index.html HTTP/1.1" 200 345
10.0.0.157 - 2073538 [14/Aug/2015:11:35:12 -0800] "GET /Olympics/rss.xml HTTP/1.1" 200 270
10.0.0.97 - 2696232 [14/Aug/2015:11:36:43 -0800] "GET /Olympics/rss.xml HTTP/1.1" 200 373
10.0.0.176 - 3361242 [14/Aug/2015:11:37:23 -0800] "GET /Olympics/archive/2007/11/21/Dosewallips-River.html HTTP/1.1" 200 341
10.0.0.213 - 2185662 [14/Aug/2015:11:39:49 -0800] "GET /index.html HTTP/1.1" 304 317
10.0.0.103 - 2404465 [14/Aug/2015:11:42:01 -0800] "GET /Cascades/rss.xml HTTP/1.1" 304 514
10.0.1.3 - 2404465 [14/Aug/2015:11:42:10 -0800] "GET /index.html HTTP/1.1" 304 531
10.0.0.248 - 2404465 [14/Aug/2015:11:43:11 -0800] "GET /index.html HTTP/1.1" 304 700
10.0.1.3 - 2404465 [14/Aug/2015:11:44:24 -0800] "GET /index.html HTTP/1.1" 304 531
10.0.0.110 - 2747951 [14/Aug/2015:11:46:17 -0800] "GET /index.html HTTP/1.1" 304 399
10.0.0.212 - 2404465 [14/Aug/2015:11:46:27 -0800] "GET /index.html HTTP/1.1" 304 530
10.0.1.10 - 2404465 [14/Aug/2015:11:46:51 -0800] "GET /Cascades/rss.xml HTTP/1.1" 304 571
10.0.0.41 - 2185662 [14/Aug/2015:11:47:04 -0800] "GET /index.html HTTP/1.1" 200 345
10.0.0.104 - 2696232 [14/Aug/2015:11:47:52 -0800] "GET /Cascades/rss.xml HTTP/1.1" 304 420
10.0.0.45 - 2404465 [14/Aug/2015:11:51:19 -0800] "GET /Olympics/archive/2007/11/21/Dosewallips-River.html HTTP/1.1" 200 582
10.0.0.175 - 3361242 [14/Aug/2015:11:51:45 -0800] "GET /Rainier/archive/2007/11/21/Narada-Falls.html HTTP/1.1" 200 366
10.0.0.141 - 2696232 [14/Aug/2015:11:52:01 -0800] "GET /Cascades/rss.xml HTTP/1.1" 304 437
10.0.1.3 - 2404465 [14/Aug/2015:11:54:38 -0800] "GET /index.html HTTP/1.1" 304 531
10.0.0.42 - 2227943 [14/Aug/2015:11:56:04 -0800] "GET /Hurricane+Ridge/rss.xml HTTP/1.1" 200 503
10.0.0.42 - 2227943 [14/Aug/2015:11:56:04 -0800] "GET /Cascades/rss.xml HTTP/1.1" 304 496
10.0.0.42 - 2227943 [14/Aug/2015:11:56:57 -0800] "GET /Olympics/rss.xml HTTP/1.1" 304 493
10.0.0.146 - 2404465 [14/Aug/2015:11:57:08 -0800] "GET /index.html HTTP/1.1" 304 521
10.0.0.188 - 2404465 [14/Aug/2015:11:57:29 -0800] "GET /Hurricane+Ridge/rss.xml HTTP/1.1" 200 566
10.0.0.124 - 2404465 [14/Aug/2015:11:57:39 -0800] "GET /Cascades/rss.xml HTTP/1.1" 304 560
10.0.0.41 - 2185662 [14/Aug/2015:11:57:59 -0800] "GET /index.html HTTP/1.1" 200 345
10.0.0.246 - 2404465 [14/Aug/2015:11:58:48 -0800] "GET /tags/Hiking+Gear/index.html HTTP/1.1" 200 262
10.0.0.107 - 2424570 [14/Aug/2015:11:59:28 -0800] "GET /Cascades/rss.xml HTTP/1.1" 200 322
10.0.0.212 - 2404465 [14/Aug/2015:12:01:36 -0800] "GET /index.html HTTP/1.1" 304 530
10.0.0.144 - 2404465 [14/Aug/2015:12:01:51 -0800] "GET /index.html HTTP/1.1" 200 508
10.0.0.176 - 3361242 [14/Aug/2015:12:01:57 -0800] "GET /Cascades/archive/tags/Headlamps/Kid+Packs/index.html HTTP/1.1" 200 308
10.0.0.108 - 2404465 [14/Aug/2015:12:04:23 -0800] "GET /Olympics/rss.xml HTTP/1.1" 200 499
10.0.0.213 - 2185662 [14/Aug/2015:12:05:17 -0800] "GET /Hurricane+Ridge/rss.xml HTTP/1.1" 200 333
10.0.0.102 - 2696232 [14/Aug/2015:12:05:45 -0800] "GET /Cascades/rss.xml HTTP/1.1" 304 420
10.0.0.203 - 2185662 [14/Aug/2015:12:06:20 -0800] "GET /index.html HTTP/1.1" 200 212
10.0.0.115 - 2404465 [14/Aug/2015:12:06:26 -0800] "GET /Olympics/archive/2007/11/21/Elwha-River.html HTTP/1.1" 200 322
10.0.0.61 - 2404465 [14/Aug/2015:12:06:27 -0800] "GET /Olympics/rsscomments.html HTTP/1.1" 200 254
10.0.0.61 - 2404465 [14/Aug/2015:12:06:27 -0800] "GET /Olympics/rsscomments.html HTTP/1.1" 200 264
10.0.0.61 - 2404465 [14/Aug/2015:12:06:27 -0800] "GET /Olympics/pingback.html HTTP/1.1" 200 251
10.0.0.61 - 2404465 [14/Aug/2015:12:06:27 -0800] "GET /Olympics/archive/2007/11/21/Elwha-River.html HTTP/1.1" 200 524
10.0.0.41 - 2185662 [14/Aug/2015:12:09:00 -0800] "GET /index.html HTTP/1.1" 200 345
10.0.0.213 - 2185662 [14/Aug/2015:12:09:09 -0800] "GET /Olympics/rss.xml HTTP/1.1" 304 323
10.0.0.252 - 2696232 [14/Aug/2015:12:09:27 -0800] "GET /Cascades/rss.xml HTTP/1.1" 304 437
10.0.0.61 - 2404465 [14/Aug/2015:12:09:31 -0800] "GET /Olympics/rss.xml HTTP/1.1" 200 246
10.0.0.61 - 2404465 [14/Aug/2015:12:09:31 -0800] "GET /Olympics/atom.html HTTP/1.1" 200 247
10.0.0.252 - 2696232 [14/Aug/2015:12:09:37 -0800] "GET /Olympics/rss.xml HTTP/1.1" 304 474
10.0.0.226 - 2404465 [14/Aug/2015:12:09:44 -0800] "GET /Rainier/archive/2007/12/16/Ranger-Falls.html HTTP/1.1" 200 254
10.0.0.221 - 2404465 [14/Aug/2015:12:11:00 -0800] "GET /tags/Thermal+Wear/index.html HTTP/1.1" 200 201
10.0.0.11 - 2404465 [14/Aug/2015:12:11:06 -0800] "GET /index.html HTTP/1.1" 200 603
10.0.0.11 - 2404465 [14/Aug/2015:12:11:47 -0800] "GET /index.html HTTP/1.1" 200 603
10.0.0.103 - 2404465 [14/Aug/2015:12:12:34 -0800] "GET /Cascades/rss.xml HTTP/1.1" 304 514
10.0.0.20 - 2404465 [14/Aug/2015:12:12:59 -0800] "GET /Rainier/rss.xml HTTP/1.1" 304 536
10.0.0.20 - 2404465 [14/Aug/2015:12:12:59 -0800] "GET /Cascades/rss.xml HTTP/1.1" 304 578
10.0.0.20 - 2404465 [14/Aug/2015:12:13:00 -0800] "GET /Olympics/rss.xml HTTP/1.1" 304 575
10.0.0.11 - 2404465 [14/Aug/2015:12:13:34 -0800] "GET /index.html HTTP/1.1" 200 335
10.0.0.11 - 2404465 [14/Aug/2015:12:13:37 -0800] "GET /index.html HTTP/1.1" 200 335
10.0.0.197 - 2404465 [14/Aug/2015:12:13:42 -0800] "GET /Olympics/archive/2007/11/21/Duckabush-River.html HTTP/1.1" 200 600
10.0.0.11 - 2404465 [14/Aug/2015:12:13:55 -0800] "GET /index.html HTTP/1.1" 200 335
10.0.0.11 - 2404465 [14/Aug/2015:12:14:14 -0800] "GET /index.html HTTP/1.1" 200 383
10.0.0.114 - 2575718 [14/Aug/2015:12:16:08 -0800] "GET /index.html HTTP/1.1" 304 341
10.0.0.233 - 2404465 [14/Aug/2015:12:16:16 -0800] "GET /tags/Hiking+Gear/Thermal+Wear/index.html HTTP/1.1" 200 219
10.0.0.148 - 2575718 [14/Aug/2015:12:16:18 -0800] "GET /index.html HTTP/1.1" 304 368
10.0.0.212 - 2404465 [14/Aug/2015:12:16:42 -0800] "GET /index.html HTTP/1.1" 304 530
10.0.0.48 - 2557008 [14/Aug/2015:12:16:56 -0800] "GET /index.html HTTP/1.1" 200 306
10.0.0.181 - 3361242 [14/Aug/2015:12:18:28 -0800] "GET /Hurricane+Ridge/index.html HTTP/1.1" 200 279
10.0.0.181 - 3361242 [14/Aug/2015:12:18:30 -0800] "GET /Rainier/archive/2007/11/21/Paradise-to-Glacier-Vista-snowshoe.html HTTP/1.1" 200 349
10.0.0.228 - 2404465 [14/Aug/2015:12:18:53 -0800] "GET /tags/Packs/Full/index.html HTTP/1.1" 200 215
10.0.0.170 - 2404465 [14/Aug/2015:12:19:18 -0800] "GET /Rainier/archive/2007/11/21/Paradise-to-Glacier-Vista-snowshoe.html HTTP/1.1" 200 444
10.0.0.40 - 2185662 [14/Aug/2015:12:20:02 -0800] "GET /index.html HTTP/1.1" 200 345
10.0.0.99 - 2404465 [14/Aug/2015:12:20:32 -0800] "GET /Olympics/archive/2007/11/21/Dosewallips-River.html HTTP/1.1" 200 395
10.0.0.211 - 2404465 [14/Aug/2015:12:21:04 -0800] "GET /index.html HTTP/1.1" 304 557
10.0.0.213 - 2185662 [14/Aug/2015:12:22:48 -0800] "GET /index.html HTTP/1.1" 304 317
10.0.0.183 - 2051588 [14/Aug/2015:12:23:05 -0800] "GET /Cascades/rss.xml HTTP/1.1" 200 295
10.0.0.183 - 2051588 [14/Aug/2015:12:23:05 -0800] "GET /Olympics/rss.xml HTTP/1.1" 200 291
10.0.0.103 - 2696232 [14/Aug/2015:12:23:54 -0800] "GET /Cascades/rss.xml HTTP/1.1" 304 420
10.0.0.24 - 2404465 [14/Aug/2015:12:24:41 -0800] "GET /Cascades/atom.html HTTP/1.1" 200 444
10.0.1.3 - 2404465 [14/Aug/2015:12:24:50 -0800] "GET /index.html HTTP/1.1" 304 531
10.0.0.141 - 2696232 [14/Aug/2015:12:25:09 -0800] "GET /Cascades/rss.xml HTTP/1.1" 304 437
10.0.0.42 - 2227943 [14/Aug/2015:12:27:03 -0800] "GET /Hurricane+Ridge/rss.xml HTTP/1.1" 200 503
10.0.0.42 - 2227943 [14/Aug/2015:12:27:03 -0800] "GET /Cascades/rss.xml HTTP/1.1" 304 496
10.0.0.146 - 2404465 [14/Aug/2015:12:27:18 -0800] "GET /index.html HTTP/1.1" 304 521
10.0.0.124 - 2404465 [14/Aug/2015:12:27:52 -0800] "GET /Cascades/rss.xml HTTP/1.1" 304 560
10.0.0.42 - 2227943 [14/Aug/2015:12:27:57 -0800] "GET /Olympics/rss.xml HTTP/1.1" 304 493
10.0.0.74 - 2696232 [14/Aug/2015:12:29:09 -0800] "GET /index.html HTTP/1.1" 304 428
10.0.0.107 - 2424570 [14/Aug/2015:12:29:29 -0800] "GET /Cascades/rss.xml HTTP/1.1" 200 322
10.0.0.41 - 2185662 [14/Aug/2015:12:31:01 -0800] "GET /index.html HTTP/1.1" 200 345
10.0.0.212 - 2404465 [14/Aug/2015:12:31:53 -0800] "GET /index.html HTTP/1.1" 304 530
10.0.0.144 - 2404465 [14/Aug/2015:12:31:59 -0800] "GET /index.html HTTP/1.1" 200 508
10.0.0.146 - 2404465 [14/Aug/2015:12:32:08 -0800] "GET /index.html HTTP/1.1" 304 521
10.0.0.37 - 2404465 [14/Aug/2015:12:34:11 -0800] "GET /Cascades/archive/2007/09/11/Deception-Pass-Goose-Rock.html HTTP/1.1" 200 475
10.0.0.213 - 2185662 [14/Aug/2015:12:34:14 -0800] "GET /Cascades/rss.xml HTTP/1.1" 304 326
10.0.0.108 - 2404465 [14/Aug/2015:12:34:23 -0800] "GET /Olympics/rss.xml HTTP/1.1" 200 499
10.0.0.186 - 2404465 [14/Aug/2015:12:35:15 -0800] "GET /tags/Hiking+Gear/index.html HTTP/1.1" 200 263
10.0.0.40 - 2185662 [14/Aug/2015:12:42:00 -0800] "GET /index.html HTTP/1.1" 200 345
10.0.0.106 - 2696232 [14/Aug/2015:12:42:01 -0800] "GET /Cascades/rss.xml HTTP/1.1" 304 420
10.0.1.15 - 2404465 [14/Aug/2015:12:42:21 -0800] "GET /Cascades/archive/2007/09/11/Deception-Pass-Goose-Rock.html HTTP/1.1" 200 638
10.0.0.103 - 2404465 [14/Aug/2015:12:42:49 -0800] "GET /Cascades/rss.xml HTTP/1.1" 304 514
10.0.0.248 - 2404465 [14/Aug/2015:12:43:28 -0800] "GET /index.html HTTP/1.1" 304 700
10.0.0.157 - 2073538 [14/Aug/2015:12:44:08 -0800] "GET /index.html HTTP/1.1" 200 265
10.0.0.157 - 2073538 [14/Aug/2015:12:45:57 -0800] "GET /Cascades/rss.xml HTTP/1.1" 200 274
10.0.0.157 - 2073538 [14/Aug/2015:12:46:19 -0800] "GET /Olympics/rss.xml HTTP/1.1" 200 270
10.0.0.212 - 2404465 [14/Aug/2015:12:46:58 -0800] "GET /index.html HTTP/1.1" 304 530
10.0.0.44 - 2404465 [14/Aug/2015:12:49:19 -0800] "GET /Olympics/archive/2007/11/21/Elwha-River.html HTTP/1.1" 200 681
10.0.0.115 - 2404465 [14/Aug/2015:12:49:20 -0800] "GET /Olympics/pingback.html HTTP/1.1" 200 224
10.0.0.115 - 2404465 [14/Aug/2015:12:49:20 -0800] "GET /Olympics/rsscomments.html HTTP/1.1" 200 227
10.0.0.115 - 2404465 [14/Aug/2015:12:49:20 -0800] "GET /Olympics/atom.html HTTP/1.1" 200 220
10.0.0.115 - 2404465 [14/Aug/2015:12:49:20 -0800] "GET /Olympics/rss.xml HTTP/1.1" 200 219
10.0.0.115 - 2404465 [14/Aug/2015:12:49:21 -0800] "GET /msgs/index.html HTTP/1.1" 200 229
10.0.0.115 - 2404465 [14/Aug/2015:12:49:21 -0800] "GET /msgs/index.html HTTP/1.1" 200 229
10.0.1.3 - 2404465 [14/Aug/2015:12:50:19 -0800] "GET /index.html HTTP/1.1" 304 531
10.0.0.40 - 2185662 [14/Aug/2015:12:53:01 -0800] "GET /index.html HTTP/1.1" 200 345
10.0.0.180 - 3361242 [14/Aug/2015:12:53:31 -0800] "GET /Cascades/archive/2007/09/11/Twin-Lakes-Road-Ski.html HTTP/1.1" 200 313
10.0.0.180 - 3361242 [14/Aug/2015:12:53:31 -0800] "GET /Rainier/archive/2007/11/21/Mazama-Ridge.html HTTP/1.1" 200 311
10.0.0.24 - 2404465 [14/Aug/2015:12:54:33 -0800] "GET /Cascades/atom.html HTTP/1.1" 304 571
10.0.1.3 - 2404465 [14/Aug/2015:12:54:55 -0800] "GET /index.html HTTP/1.1" 304 531
10.0.0.141 - 2696232 [14/Aug/2015:12:56:15 -0800] "GET /Cascades/rss.xml HTTP/1.1" 304 437
10.0.0.146 - 2404465 [14/Aug/2015:12:57:36 -0800] "GET /index.html HTTP/1.1" 304 521
10.0.0.124 - 2404465 [14/Aug/2015:12:57:48 -0800] "GET /Cascades/rss.xml HTTP/1.1" 304 560
10.0.0.58 - 2404465 [14/Aug/2015:12:58:01 -0800] "GET /index.html HTTP/1.1" 200 460
10.0.0.42 - 2227943 [14/Aug/2015:12:58:06 -0800] "GET /Hurricane+Ridge/rss.xml HTTP/1.1" 200 503
10.0.0.42 - 2227943 [14/Aug/2015:12:58:06 -0800] "GET /Cascades/rss.xml HTTP/1.1" 304 496
10.0.0.254 - 2404465 [14/Aug/2015:12:58:46 -0800] "GET /Cascades/archive/2007/09/11/Deception-Pass-Goose-Rock.html HTTP/1.1" 200 685
10.0.0.42 - 2227943 [14/Aug/2015:12:58:57 -0800] "GET /Olympics/rss.xml HTTP/1.1" 304 493
10.0.0.35 - 2404465 [14/Aug/2015:12:59:27 -0800] "GET /Olympics/index.html HTTP/1.1" 200 580
10.0.0.107 - 2424570 [14/Aug/2015:12:59:31 -0800] "GET /Cascades/rss.xml HTTP/1.1" 200 322
10.0.0.35 - 2404465 [14/Aug/2015:12:59:32 -0800] "GET /Olympics/archive/2007/11/21/Big-Quilcene-River.html HTTP/1.1" 200 644
10.0.0.105 - 2696232 [14/Aug/2015:13:00:00 -0800] "GET /Cascades/rss.xml HTTP/1.1" 304 420
10.0.0.35 - 2404465 [14/Aug/2015:13:00:25 -0800] "GET /Olympics/index.html HTTP/1.1" 200 630
10.0.0.78 - 2696232 [14/Aug/2015:13:00:31 -0800] "GET /index.html HTTP/1.1" 200 428
10.0.0.35 - 2404465 [14/Aug/2015:13:00:45 -0800] "GET /Olympics/archive/2007/11/21/Duckabush-River.html HTTP/1.1" 200 702
10.0.0.144 - 2404465 [14/Aug/2015:13:02:09 -0800] "GET /index.html HTTP/1.1" 200 508
10.0.0.212 - 2404465 [14/Aug/2015:13:02:11 -0800] "GET /index.html HTTP/1.1" 304 530
10.0.0.223 - 2404465 [14/Aug/2015:13:03:53 -0800] "GET /tags/index.html HTTP/1.1" 200 244
10.0.0.20 - 2404465 [14/Aug/2015:13:03:57 -0800] "GET /Rainier/rss.xml HTTP/1.1" 304 576
10.0.0.20 - 2404465 [14/Aug/2015:13:03:58 -0800] "GET /Cascades/rss.xml HTTP/1.1" 304 578
10.0.0.20 - 2404465 [14/Aug/2015:13:03:59 -0800] "GET /Olympics/rss.xml HTTP/1.1" 304 575
10.0.0.41 - 2185662 [14/Aug/2015:13:03:59 -0800] "GET /index.html HTTP/1.1" 200 345
10.0.0.108 - 2404465 [14/Aug/2015:13:04:23 -0800] "GET /Olympics/rss.xml HTTP/1.1" 200 499
10.0.0.58 - 2696232 [14/Aug/2015:13:04:27 -0800] "GET /index.html HTTP/1.1" 304 428
10.0.0.213 - 2185662 [14/Aug/2015:13:05:19 -0800] "GET /Hurricane+Ridge/rss.xml HTTP/1.1" 200 333
10.0.0.203 - 2185662 [14/Aug/2015:13:05:45 -0800] "GET /index.html HTTP/1.1" 200 212
10.0.0.229 - 2404465 [14/Aug/2015:13:06:02 -0800] "GET /tags/Mats/index.html HTTP/1.1" 200 205
10.0.0.152 - 2424563 [14/Aug/2015:13:06:20 -0800] "GET /index.html HTTP/1.1" 304 231
10.0.0.213 - 2185662 [14/Aug/2015:13:09:12 -0800] "GET /Olympics/rss.xml HTTP/1.1" 304 323
10.0.0.4 - 2696232 [14/Aug/2015:13:11:09 -0800] "GET /index.html HTTP/1.1" 304 428
10.0.0.103 - 2404465 [14/Aug/2015:13:12:03 -0800] "GET /Cascades/rss.xml HTTP/1.1" 304 514
10.0.0.4 - 2404465 [14/Aug/2015:13:13:11 -0800] "GET /index.html HTTP/1.1" 200 422
10.0.0.4 - 2404465 [14/Aug/2015:13:13:56 -0800] "GET /Olympics/rss.xml HTTP/1.1" 200 159
10.0.0.4 - 2404465 [14/Aug/2015:13:13:57 -0800] "GET /tags/Utility+Knives/index.html HTTP/1.1" 200 161
10.0.0.4 - 2404465 [14/Aug/2015:13:13:58 -0800] "GET /Hurricane+Ridge/rss.xml HTTP/1.1" 200 169
10.0.0.4 - 2404465 [14/Aug/2015:13:13:58 -0800] "GET /Cascades/rss.xml HTTP/1.1" 200 163
10.0.1.20 - 2404465 [14/Aug/2015:13:14:32 -0800] "GET /Olympics/archive/2007/11/21/Elwha-River.html HTTP/1.1" 200 685
10.0.0.40 - 2185662 [14/Aug/2015:13:15:00 -0800] "GET /index.html HTTP/1.1" 200 345
10.0.0.148 - 2575718 [14/Aug/2015:13:15:12 -0800] "GET /index.html HTTP/1.1" 304 368
10.0.0.231 - 2404465 [14/Aug/2015:13:15:44 -0800] "GET /Cascades/archive/tags/Hiking+Gear/Boots/index.html HTTP/1.1" 200 241
10.0.0.114 - 2575718 [14/Aug/2015:13:16:59 -0800] "GET /index.html HTTP/1.1" 304 341
10.0.0.212 - 2404465 [14/Aug/2015:13:17:20 -0800] "GET /index.html HTTP/1.1" 304 530
10.0.0.102 - 2696232 [14/Aug/2015:13:18:02 -0800] "GET /Cascades/rss.xml HTTP/1.1" 304 420
10.0.0.48 - 2557008 [14/Aug/2015:13:18:12 -0800] "GET /index.html HTTP/1.1" 200 306
10.0.0.178 - 3361242 [14/Aug/2015:13:19:26 -0800] "GET /Cascades/index.html HTTP/1.1" 200 273
10.0.0.213 - 2185662 [14/Aug/2015:13:22:51 -0800] "GET /index.html HTTP/1.1" 304 317
10.0.0.211 - 2404465 [14/Aug/2015:13:22:52 -0800] "GET /index.html HTTP/1.1" 304 557
10.0.0.35 - 2404465 [14/Aug/2015:13:23:00 -0800] "GET /Olympics/archive/2007/11/21/Duckabush-River.html HTTP/1.1" 200 652
10.0.0.35 - 2404465 [14/Aug/2015:13:23:22 -0800] "GET /Olympics/index.html HTTP/1.1" 200 630
10.0.0.183 - 2051588 [14/Aug/2015:13:23:51 -0800] "GET /Olympics/rss.xml HTTP/1.1" 200 331
10.0.0.24 - 2404465 [14/Aug/2015:13:24:34 -0800] "GET /Cascades/atom.html HTTP/1.1" 200 484
10.0.1.3 - 2404465 [14/Aug/2015:13:25:08 -0800] "GET /index.html HTTP/1.1" 304 531
10.0.0.238 - 2404465 [14/Aug/2015:13:25:21 -0800] "GET /tags/Food+Supplies/Packs/index.html HTTP/1.1" 200 215
10.0.0.41 - 2185662 [14/Aug/2015:13:26:00 -0800] "GET /index.html HTTP/1.1" 200 345
10.0.0.58 - 2404465 [14/Aug/2015:13:26:20 -0800] "GET /index.html HTTP/1.1" 304 548
10.0.0.55 - 2404465 [14/Aug/2015:13:26:24 -0800] "GET /Cascades/archive/2007/09/11/Mount-Tahoma-Trail-System.html HTTP/1.1" 200 789
10.0.0.146 - 2404465 [14/Aug/2015:13:27:45 -0800] "GET /index.html HTTP/1.1" 304 521
10.0.0.124 - 2404465 [14/Aug/2015:13:28:06 -0800] "GET /Cascades/rss.xml HTTP/1.1" 304 560
10.0.0.42 - 2227943 [14/Aug/2015:13:29:09 -0800] "GET /Hurricane+Ridge/rss.xml HTTP/1.1" 200 503
10.0.0.42 - 2227943 [14/Aug/2015:13:29:09 -0800] "GET /Cascades/rss.xml HTTP/1.1" 304 496
10.0.0.107 - 2424570 [14/Aug/2015:13:29:31 -0800] "GET /Cascades/rss.xml HTTP/1.1" 200 322
10.0.0.42 - 2227943 [14/Aug/2015:13:29:57 -0800] "GET /Olympics/rss.xml HTTP/1.1" 304 493
10.0.0.141 - 2696232 [14/Aug/2015:13:30:23 -0800] "GET /Cascades/rss.xml HTTP/1.1" 304 437
10.0.0.144 - 2404465 [14/Aug/2015:13:32:13 -0800] "GET /index.html HTTP/1.1" 200 508
10.0.0.212 - 2404465 [14/Aug/2015:13:32:25 -0800] "GET /index.html HTTP/1.1" 304 530
10.0.0.20 - 2404465 [14/Aug/2015:13:32:42 -0800] "GET /Rainier/rss.xml HTTP/1.1" 304 576
10.0.0.20 - 2404465 [14/Aug/2015:13:32:43 -0800] "GET /Cascades/rss.xml HTTP/1.1" 304 578
10.0.0.20 - 2404465 [14/Aug/2015:13:32:44 -0800] "GET /Olympics/rss.xml HTTP/1.1" 304 575
10.0.0.213 - 2185662 [14/Aug/2015:13:34:15 -0800] "GET /Cascades/rss.xml HTTP/1.1" 200 239
10.0.0.74 - 2696232 [14/Aug/2015:13:34:24 -0800] "GET /index.html HTTP/1.1" 304 428
10.0.0.186 - 2404465 [14/Aug/2015:13:34:54 -0800] "GET /Olympics/archive/tags/Sleeping+Bags/index.html HTTP/1.1" 200 256
10.0.0.106 - 2696232 [14/Aug/2015:13:36:12 -0800] "GET /Cascades/rss.xml HTTP/1.1" 304 420
10.0.0.40 - 2185662 [14/Aug/2015:13:37:03 -0800] "GET /index.html HTTP/1.1" 200 345
10.0.0.92 - 45 [14/Aug/2015:13:37:31 -0800] "GET /index.html HTTP/1.1" 200 73
10.0.0.36 - 2404465 [14/Aug/2015:13:37:59 -0800] "GET /Olympics/archive/2007/11/21/Elwha-River.html HTTP/1.1" 200 794
10.0.0.157 - 2073538 [14/Aug/2015:13:41:08 -0800] "GET /index.html HTTP/1.1" 200 265
10.0.0.103 - 2404465 [14/Aug/2015:13:42:46 -0800] "GET /Cascades/rss.xml HTTP/1.1" 304 514
10.0.0.248 - 2404465 [14/Aug/2015:13:43:45 -0800] "GET /index.html HTTP/1.1" 304 700
10.0.0.177 - 3361242 [14/Aug/2015:13:44:47 -0800] "GET /Olympics/archive/2007/11/21/Big-Quilcene-River.html HTTP/1.1" 200 310
10.0.0.217 - 3566004 [14/Aug/2015:13:46:44 -0800] "GET /index.html HTTP/1.1" 200 165
10.0.0.169 - 2404465 [14/Aug/2015:13:46:49 -0800] "GET /Olympics/archive/2007/11/21/Big-Quilcene-River.html HTTP/1.1" 200 405
10.0.0.212 - 2404465 [14/Aug/2015:13:47:48 -0800] "GET /index.html HTTP/1.1" 304 530
10.0.0.41 - 2185662 [14/Aug/2015:13:48:01 -0800] "GET /index.html HTTP/1.1" 200 345
10.0.0.186 - 2404465 [14/Aug/2015:13:48:01 -0800] "GET /tags/Climbing/index.html HTTP/1.1" 200 291
10.0.0.106 - 2404465 [14/Aug/2015:13:49:17 -0800] "GET /index.html HTTP/1.1" 304 519
10.0.0.106 - 2404465 [14/Aug/2015:13:49:23 -0800] "GET /Olympics/rss.xml HTTP/1.1" 304 565
10.0.0.106 - 2404465 [14/Aug/2015:13:49:23 -0800] "GET /Cascades/rss.xml HTTP/1.1" 304 568
10.0.0.106 - 2404465 [14/Aug/2015:13:49:24 -0800] "GET /Rainier/rss.xml HTTP/1.1" 304 566
10.0.0.120 - 2696232 [14/Aug/2015:13:50:28 -0800] "GET /index.html HTTP/1.1" 304 408
10.0.0.177 - 3361242 [14/Aug/2015:13:51:24 -0800] "GET /Olympics/archive/2007/11/21/Duckabush-River.html HTTP/1.1" 200 318
10.0.0.232 - 2404465 [14/Aug/2015:13:51:35 -0800] "GET /Olympics/index.html HTTP/1.1" 200 250
10.0.0.102 - 2696232 [14/Aug/2015:13:54:16 -0800] "GET /Cascades/rss.xml HTTP/1.1" 304 420
10.0.1.3 - 2404465 [14/Aug/2015:13:55:14 -0800] "GET /index.html HTTP/1.1" 304 531
10.0.0.177 - 3361242 [14/Aug/2015:13:56:17 -0800] "GET /Olympics/archive/2007/11/21/Elwha-River.html HTTP/1.1" 200 368
10.0.1.11 - 2696232 [14/Aug/2015:13:56:26 -0800] "GET /index.html HTTP/1.1" 304 558
10.0.0.146 - 2404465 [14/Aug/2015:13:57:48 -0800] "GET /index.html HTTP/1.1" 304 521
10.0.0.124 - 2404465 [14/Aug/2015:13:58:23 -0800] "GET /Cascades/rss.xml HTTP/1.1" 304 560
10.0.0.41 - 2185662 [14/Aug/2015:13:58:59 -0800] "GET /index.html HTTP/1.1" 200 345
10.0.0.107 - 2424570 [14/Aug/2015:13:59:30 -0800] "GET /Cascades/rss.xml HTTP/1.1" 200 322
10.0.0.42 - 2227943 [14/Aug/2015:14:00:04 -0800] "GET /Cascades/rss.xml HTTP/1.1" 304 496
10.0.0.42 - 2227943 [14/Aug/2015:14:00:04 -0800] "GET /Hurricane+Ridge/rss.xml HTTP/1.1" 200 503
10.0.0.42 - 2227943 [14/Aug/2015:14:00:04 -0800] "GET /Olympics/rss.xml HTTP/1.1" 304 493
10.0.0.144 - 2404465 [14/Aug/2015:14:02:35 -0800] "GET /index.html HTTP/1.1" 200 508
10.0.0.212 - 2404465 [14/Aug/2015:14:02:52 -0800] "GET /index.html HTTP/1.1" 304 530
10.0.0.95 - 2404465 [14/Aug/2015:14:03:47 -0800] "GET /Olympics/archive/2007/11/21/Elwha-River.html HTTP/1.1" 200 481
10.0.0.141 - 2696232 [14/Aug/2015:14:04:28 -0800] "GET /Cascades/rss.xml HTTP/1.1" 304 437
10.0.0.213 - 2185662 [14/Aug/2015:14:05:19 -0800] "GET /Hurricane+Ridge/rss.xml HTTP/1.1" 200 333
10.0.0.203 - 2185662 [14/Aug/2015:14:05:58 -0800] "GET /index.html HTTP/1.1" 200 212
10.0.0.24 - 2404465 [14/Aug/2015:14:08:37 -0800] "GET /Cascades/atom.html HTTP/1.1" 200 484
10.0.0.213 - 2185662 [14/Aug/2015:14:09:12 -0800] "GET /Olympics/rss.xml HTTP/1.1" 304 323
10.0.0.12 - 2404465 [14/Aug/2015:14:09:26 -0800] "GET /Hurricane+Ridge/rss.xml HTTP/1.1" 200 555
